Archive member included to satisfy reference by file (symbol)

c:/ac6/systemworkbench/plugins/fr.ac6.mcu.externaltools.arm-none.win32_1.17.0.201812190825/tools/compiler/bin/../lib/gcc/arm-none-eabi/7.3.1/../../../../arm-none-eabi/lib/thumb/v7e-m/fpv4-sp/hard\libc.a(lib_a-errno.o)
                              src/syscalls.o (__errno)
c:/ac6/systemworkbench/plugins/fr.ac6.mcu.externaltools.arm-none.win32_1.17.0.201812190825/tools/compiler/bin/../lib/gcc/arm-none-eabi/7.3.1/../../../../arm-none-eabi/lib/thumb/v7e-m/fpv4-sp/hard\libc.a(lib_a-exit.o)
                              c:/ac6/systemworkbench/plugins/fr.ac6.mcu.externaltools.arm-none.win32_1.17.0.201812190825/tools/compiler/bin/../lib/gcc/arm-none-eabi/7.3.1/../../../../arm-none-eabi/lib/thumb/v7e-m/fpv4-sp/hard/crt0.o (exit)
c:/ac6/systemworkbench/plugins/fr.ac6.mcu.externaltools.arm-none.win32_1.17.0.201812190825/tools/compiler/bin/../lib/gcc/arm-none-eabi/7.3.1/../../../../arm-none-eabi/lib/thumb/v7e-m/fpv4-sp/hard\libc.a(lib_a-impure.o)
                              c:/ac6/systemworkbench/plugins/fr.ac6.mcu.externaltools.arm-none.win32_1.17.0.201812190825/tools/compiler/bin/../lib/gcc/arm-none-eabi/7.3.1/../../../../arm-none-eabi/lib/thumb/v7e-m/fpv4-sp/hard\libc.a(lib_a-exit.o) (_global_impure_ptr)
c:/ac6/systemworkbench/plugins/fr.ac6.mcu.externaltools.arm-none.win32_1.17.0.201812190825/tools/compiler/bin/../lib/gcc/arm-none-eabi/7.3.1/../../../../arm-none-eabi/lib/thumb/v7e-m/fpv4-sp/hard\libc.a(lib_a-init.o)
                              c:/ac6/systemworkbench/plugins/fr.ac6.mcu.externaltools.arm-none.win32_1.17.0.201812190825/tools/compiler/bin/../lib/gcc/arm-none-eabi/7.3.1/../../../../arm-none-eabi/lib/thumb/v7e-m/fpv4-sp/hard/crt0.o (__libc_init_array)
c:/ac6/systemworkbench/plugins/fr.ac6.mcu.externaltools.arm-none.win32_1.17.0.201812190825/tools/compiler/bin/../lib/gcc/arm-none-eabi/7.3.1/../../../../arm-none-eabi/lib/thumb/v7e-m/fpv4-sp/hard\libc.a(lib_a-memcpy.o)
                              Third-Party/FreeRTOS/org/Source/queue.o (memcpy)
c:/ac6/systemworkbench/plugins/fr.ac6.mcu.externaltools.arm-none.win32_1.17.0.201812190825/tools/compiler/bin/../lib/gcc/arm-none-eabi/7.3.1/../../../../arm-none-eabi/lib/thumb/v7e-m/fpv4-sp/hard\libc.a(lib_a-memset.o)
                              c:/ac6/systemworkbench/plugins/fr.ac6.mcu.externaltools.arm-none.win32_1.17.0.201812190825/tools/compiler/bin/../lib/gcc/arm-none-eabi/7.3.1/../../../../arm-none-eabi/lib/thumb/v7e-m/fpv4-sp/hard/crt0.o (memset)
c:/ac6/systemworkbench/plugins/fr.ac6.mcu.externaltools.arm-none.win32_1.17.0.201812190825/tools/compiler/bin/../lib/gcc/arm-none-eabi/7.3.1/../../../../arm-none-eabi/lib/thumb/v7e-m/fpv4-sp/hard\libc.a(lib_a-strlen.o)
                              src/main.o (strlen)
c:/ac6/systemworkbench/plugins/fr.ac6.mcu.externaltools.arm-none.win32_1.17.0.201812190825/tools/compiler/bin/../lib/gcc/arm-none-eabi/7.3.1/../../../../arm-none-eabi/lib/thumb/v7e-m/fpv4-sp/hard\libc.a(lib_a-__call_atexit.o)
                              c:/ac6/systemworkbench/plugins/fr.ac6.mcu.externaltools.arm-none.win32_1.17.0.201812190825/tools/compiler/bin/../lib/gcc/arm-none-eabi/7.3.1/../../../../arm-none-eabi/lib/thumb/v7e-m/fpv4-sp/hard\libc.a(lib_a-exit.o) (__call_exitprocs)
c:/ac6/systemworkbench/plugins/fr.ac6.mcu.externaltools.arm-none.win32_1.17.0.201812190825/tools/compiler/bin/../lib/gcc/arm-none-eabi/7.3.1/../../../../arm-none-eabi/lib/thumb/v7e-m/fpv4-sp/hard\libc.a(lib_a-atexit.o)
                              c:/ac6/systemworkbench/plugins/fr.ac6.mcu.externaltools.arm-none.win32_1.17.0.201812190825/tools/compiler/bin/../lib/gcc/arm-none-eabi/7.3.1/../../../../arm-none-eabi/lib/thumb/v7e-m/fpv4-sp/hard\libc.a(lib_a-__call_atexit.o) (atexit)
c:/ac6/systemworkbench/plugins/fr.ac6.mcu.externaltools.arm-none.win32_1.17.0.201812190825/tools/compiler/bin/../lib/gcc/arm-none-eabi/7.3.1/../../../../arm-none-eabi/lib/thumb/v7e-m/fpv4-sp/hard\libc.a(lib_a-fini.o)
                              c:/ac6/systemworkbench/plugins/fr.ac6.mcu.externaltools.arm-none.win32_1.17.0.201812190825/tools/compiler/bin/../lib/gcc/arm-none-eabi/7.3.1/../../../../arm-none-eabi/lib/thumb/v7e-m/fpv4-sp/hard\libc.a(lib_a-__call_atexit.o) (__libc_fini_array)
c:/ac6/systemworkbench/plugins/fr.ac6.mcu.externaltools.arm-none.win32_1.17.0.201812190825/tools/compiler/bin/../lib/gcc/arm-none-eabi/7.3.1/../../../../arm-none-eabi/lib/thumb/v7e-m/fpv4-sp/hard\libc.a(lib_a-lock.o)
                              c:/ac6/systemworkbench/plugins/fr.ac6.mcu.externaltools.arm-none.win32_1.17.0.201812190825/tools/compiler/bin/../lib/gcc/arm-none-eabi/7.3.1/../../../../arm-none-eabi/lib/thumb/v7e-m/fpv4-sp/hard\libc.a(lib_a-__call_atexit.o) (__retarget_lock_acquire_recursive)
c:/ac6/systemworkbench/plugins/fr.ac6.mcu.externaltools.arm-none.win32_1.17.0.201812190825/tools/compiler/bin/../lib/gcc/arm-none-eabi/7.3.1/../../../../arm-none-eabi/lib/thumb/v7e-m/fpv4-sp/hard\libc.a(lib_a-__atexit.o)
[...]
Memory Configuration

Name             Origin             Length             Attributes
FLASH            0x08000000         0x00080000         xr
RAM              0x20000000         0x00020000         xrw
*default*        0x00000000         0xffffffff

Linker script and memory map

LOAD c:/ac6/systemworkbench/plugins/fr.ac6.mcu.externaltools.arm-none.win32_1.17.0.201812190825/tools/compiler/bin/../lib/gcc/arm-none-eabi/7.3.1/thumb/v7e-m/fpv4-sp/hard/crti.o
LOAD c:/ac6/systemworkbench/plugins/fr.ac6.mcu.externaltools.arm-none.win32_1.17.0.201812190825/tools/compiler/bin/../lib/gcc/arm-none-eabi/7.3.1/thumb/v7e-m/fpv4-sp/hard/crtbegin.o
LOAD c:/ac6/systemworkbench/plugins/fr.ac6.mcu.externaltools.arm-none.win32_1.17.0.201812190825/tools/compiler/bin/../lib/gcc/arm-none-eabi/7.3.1/../../../../arm-none-eabi/lib/thumb/v7e-m/fpv4-sp/hard/crt0.o
LOAD StdPeriph_Driver/src/misc.o
LOAD StdPeriph_Driver/src/stm32f4xx_adc.o
LOAD StdPeriph_Driver/src/stm32f4xx_can.o
LOAD StdPeriph_Driver/src/stm32f4xx_crc.o
LOAD StdPeriph_Driver/src/stm32f4xx_cryp.o
LOAD StdPeriph_Driver/src/stm32f4xx_cryp_aes.o
LOAD StdPeriph_Driver/src/stm32f4xx_cryp_des.o
LOAD StdPeriph_Driver/src/stm32f4xx_cryp_tdes.o
LOAD StdPeriph_Driver/src/stm32f4xx_dac.o
LOAD StdPeriph_Driver/src/stm32f4xx_dbgmcu.o
LOAD StdPeriph_Driver/src/stm32f4xx_dcmi.o
LOAD StdPeriph_Driver/src/stm32f4xx_dfsdm.o
LOAD StdPeriph_Driver/src/stm32f4xx_dma.o
LOAD StdPeriph_Driver/src/stm32f4xx_dma2d.o
LOAD StdPeriph_Driver/src/stm32f4xx_dsi.o
LOAD StdPeriph_Driver/src/stm32f4xx_exti.o
LOAD StdPeriph_Driver/src/stm32f4xx_flash.o
LOAD StdPeriph_Driver/src/stm32f4xx_flash_ramfunc.o
LOAD StdPeriph_Driver/src/stm32f4xx_gpio.o
LOAD StdPeriph_Driver/src/stm32f4xx_hash.o
LOAD StdPeriph_Driver/src/stm32f4xx_hash_md5.o
LOAD StdPeriph_Driver/src/stm32f4xx_hash_sha1.o
LOAD StdPeriph_Driver/src/stm32f4xx_i2c.o
LOAD StdPeriph_Driver/src/stm32f4xx_iwdg.o
LOAD StdPeriph_Driver/src/stm32f4xx_lptim.o
LOAD StdPeriph_Driver/src/stm32f4xx_ltdc.o
LOAD StdPeriph_Driver/src/stm32f4xx_pwr.o
LOAD StdPeriph_Driver/src/stm32f4xx_rcc.o
LOAD StdPeriph_Driver/src/stm32f4xx_rng.o
LOAD StdPeriph_Driver/src/stm32f4xx_rtc.o
LOAD StdPeriph_Driver/src/stm32f4xx_sai.o
LOAD StdPeriph_Driver/src/stm32f4xx_sdio.o
LOAD StdPeriph_Driver/src/stm32f4xx_spi.o
LOAD StdPeriph_Driver/src/stm32f4xx_syscfg.o
LOAD StdPeriph_Driver/src/stm32f4xx_tim.o
LOAD StdPeriph_Driver/src/stm32f4xx_usart.o
LOAD StdPeriph_Driver/src/stm32f4xx_wwdg.o
LOAD Third-Party/FreeRTOS/org/Source/croutine.o
LOAD Third-Party/FreeRTOS/org/Source/event_groups.o
LOAD Third-Party/FreeRTOS/org/Source/list.o
LOAD Third-Party/FreeRTOS/org/Source/queue.o
LOAD Third-Party/FreeRTOS/org/Source/stream_buffer.o
LOAD Third-Party/FreeRTOS/org/Source/tasks.o
LOAD Third-Party/FreeRTOS/org/Source/timers.o
LOAD Third-Party/FreeRTOS/org/Source/portable/GCC/ARM_CM4F/port.o
LOAD Third-Party/FreeRTOS/org/Source/portable/MemMang/heap_4.o
LOAD src/main.o
LOAD src/syscalls.o
LOAD src/system_stm32f4xx.o
LOAD startup/startup_stm32f411xe.o
LOAD c:/ac6/systemworkbench/plugins/fr.ac6.mcu.externaltools.arm-none.win32_1.17.0.201812190825/tools/compiler/bin/../lib/gcc/arm-none-eabi/7.3.1/../../../../arm-none-eabi/lib/thumb/v7e-m/fpv4-sp/hard\libm.a
START GROUP
LOAD c:/ac6/systemworkbench/plugins/fr.ac6.mcu.externaltools.arm-none.win32_1.17.0.201812190825/tools/compiler/bin/../lib/gcc/arm-none-eabi/7.3.1/thumb/v7e-m/fpv4-sp/hard\libgcc.a
LOAD c:/ac6/systemworkbench/plugins/fr.ac6.mcu.externaltools.arm-none.win32_1.17.0.201812190825/tools/compiler/bin/../lib/gcc/arm-none-eabi/7.3.1/../../../../arm-none-eabi/lib/thumb/v7e-m/fpv4-sp/hard\libc.a
END GROUP
LOAD c:/ac6/systemworkbench/plugins/fr.ac6.mcu.externaltools.arm-none.win32_1.17.0.201812190825/tools/compiler/bin/../lib/gcc/arm-none-eabi/7.3.1/thumb/v7e-m/fpv4-sp/hard/crtend.o
LOAD c:/ac6/systemworkbench/plugins/fr.ac6.mcu.externaltools.arm-none.win32_1.17.0.201812190825/tools/compiler/bin/../lib/gcc/arm-none-eabi/7.3.1/thumb/v7e-m/fpv4-sp/hard/crtn.o
                0x20020000                _estack = 0x20020000
                0x00000200                _Min_Heap_Size = 0x200
                0x00000400                _Min_Stack_Size = 0x400

.isr_vector     0x08000000      0x198
                0x08000000                . = ALIGN (0x4)
 *(.isr_vector)
 .isr_vector    0x08000000      0x198 startup/startup_stm32f411xe.o
                0x08000000                g_pfnVectors
                0x08000198                . = ALIGN (0x4)

.text           0x080001c0     0x20a8
                0x080001c0                . = ALIGN (0x4)
 *(.text)
 .text          0x080001c0       0x40 c:/ac6/systemworkbench/plugins/fr.ac6.mcu.externaltools.arm-none.win32_1.17.0.201812190825/tools/compiler/bin/../lib/gcc/arm-none-eabi/7.3.1/thumb/v7e-m/fpv4-sp/hard/crtbegin.o
 .text          0x08000200       0xdc c:/ac6/systemworkbench/plugins/fr.ac6.mcu.externaltools.arm-none.win32_1.17.0.201812190825/tools/compiler/bin/../lib/gcc/arm-none-eabi/7.3.1/../../../../arm-none-eabi/lib/thumb/v7e-m/fpv4-sp/hard\libc.a(lib_a-strlen.o)
                0x08000200                strlen
 *(.text*)
 .text.GPIO_Init
                0x080002dc      0x11c StdPeriph_Driver/src/stm32f4xx_gpio.o
                0x080002dc                GPIO_Init
 .text.GPIO_ReadInputDataBit
                0x080003f8       0x34 StdPeriph_Driver/src/stm32f4xx_gpio.o
                0x080003f8                GPIO_ReadInputDataBit
 .text.GPIO_ToggleBits
                0x0800042c       0x24 StdPeriph_Driver/src/stm32f4xx_gpio.o
                0x0800042c                GPIO_ToggleBits
 .text.GPIO_PinAFConfig
                0x08000450       0x92 StdPeriph_Driver/src/stm32f4xx_gpio.o
                0x08000450                GPIO_PinAFConfig
 *fill*         0x080004e2        0x2 
 .text.RCC_DeInit
                0x080004e4       0x64 StdPeriph_Driver/src/stm32f4xx_rcc.o
                0x080004e4                RCC_DeInit
 .text.RCC_GetClocksFreq
                0x08000548      0x150 StdPeriph_Driver/src/stm32f4xx_rcc.o
                0x08000548                RCC_GetClocksFreq
 .text.RCC_AHB1PeriphClockCmd
                0x08000698       0x40 StdPeriph_Driver/src/stm32f4xx_rcc.o
                0x08000698                RCC_AHB1PeriphClockCmd
 .text.RCC_APB1PeriphClockCmd
                0x080006d8       0x40 StdPeriph_Driver/src/stm32f4xx_rcc.o
                0x080006d8                RCC_APB1PeriphClockCmd
 .text.RCC_APB2PeriphClockCmd
                0x08000718       0x40 StdPeriph_Driver/src/stm32f4xx_rcc.o
                0x08000718                RCC_APB2PeriphClockCmd
 .text.USART_Init
                0x08000758      0x174 StdPeriph_Driver/src/stm32f4xx_usart.o
                0x08000758                USART_Init
 .text.USART_Cmd
                0x080008cc       0x40 StdPeriph_Driver/src/stm32f4xx_usart.o
                0x080008cc                USART_Cmd
 .text.USART_SendData
                0x0800090c       0x24 StdPeriph_Driver/src/stm32f4xx_usart.o
                0x0800090c                USART_SendData
 .text.USART_GetFlagStatus
                0x08000930       0x38 StdPeriph_Driver/src/stm32f4xx_usart.o
                0x08000930                USART_GetFlagStatus
 .text.vListInitialise
                0x08000968       0x40 Third-Party/FreeRTOS/org/Source/list.o
                0x08000968                vListInitialise
 .text.vListInitialiseItem
                0x080009a8       0x1a Third-Party/FreeRTOS/org/Source/list.o
                0x080009a8                vListInitialiseItem
 .text.vListInsertEnd
                0x080009c2       0x48 Third-Party/FreeRTOS/org/Source/list.o
                0x080009c2                vListInsertEnd
 .text.uxListRemove
                0x08000a0a       0x54 Third-Party/FreeRTOS/org/Source/list.o
                0x08000a0a                uxListRemove
 .text.xTaskCreate
                0x08000a5e       0x82 Third-Party/FreeRTOS/org/Source/tasks.o
                0x08000a5e                xTaskCreate
 .text.prvInitialiseNewTask
                0x08000ae0      0x126 Third-Party/FreeRTOS/org/Source/tasks.o
 *fill*         0x08000c06        0x2 
 .text.prvAddNewTaskToReadyList
                0x08000c08       0xdc Third-Party/FreeRTOS/org/Source/tasks.o
 .text.vTaskDelete
                0x08000ce4      0x11c Third-Party/FreeRTOS/org/Source/tasks.o
                0x08000ce4                vTaskDelete
 .text.vTaskStartScheduler
                0x08000e00       0x8c Third-Party/FreeRTOS/org/Source/tasks.o
                0x08000e00                vTaskStartScheduler
 .text.vTaskSuspendAll
                0x08000e8c       0x1c Third-Party/FreeRTOS/org/Source/tasks.o
                0x08000e8c                vTaskSuspendAll
 .text.xTaskResumeAll
                0x08000ea8      0x138 Third-Party/FreeRTOS/org/Source/tasks.o
                0x08000ea8                xTaskResumeAll
 .text.xTaskGetTickCount
                0x08000fe0       0x20 Third-Party/FreeRTOS/org/Source/tasks.o
                0x08000fe0                xTaskGetTickCount
 .text.xTaskIncrementTick
                0x08001000      0x170 Third-Party/FreeRTOS/org/Source/tasks.o
                0x08001000                xTaskIncrementTick
 .text.vTaskSwitchContext
                0x08001170       0xb4 Third-Party/FreeRTOS/org/Source/tasks.o
                0x08001170                vTaskSwitchContext
 .text.prvIdleTask
                0x08001224       0x30 Third-Party/FreeRTOS/org/Source/tasks.o
 .text.prvInitialiseTaskLists
                0x08001254       0x80 Third-Party/FreeRTOS/org/Source/tasks.o
 .text.prvCheckTasksWaitingTermination
                0x080012d4       0x58 Third-Party/FreeRTOS/org/Source/tasks.o
 .text.prvDeleteTCB
                0x0800132c       0x20 Third-Party/FreeRTOS/org/Source/tasks.o
 .text.prvResetNextTaskUnblockTime
                0x0800134c       0x40 Third-Party/FreeRTOS/org/Source/tasks.o
 .text.pxPortInitialiseStack
                0x0800138c       0x68 Third-Party/FreeRTOS/org/Source/portable/GCC/ARM_CM4F/port.o
                0x0800138c                pxPortInitialiseStack
 .text.prvTaskExitError
                0x080013f4       0x54 Third-Party/FreeRTOS/org/Source/portable/GCC/ARM_CM4F/port.o
 *fill*         0x08001448        0x8 
 .text.SVC_Handler
                0x08001450       0x28 Third-Party/FreeRTOS/org/Source/portable/GCC/ARM_CM4F/port.o
                0x08001450                SVC_Handler
 .text.prvPortStartFirstTask
                0x08001478       0x28 Third-Party/FreeRTOS/org/Source/portable/GCC/ARM_CM4F/port.o
 .text.xPortStartScheduler
                0x080014a0      0x13c Third-Party/FreeRTOS/org/Source/portable/GCC/ARM_CM4F/port.o
                0x080014a0                xPortStartScheduler
 .text.vPortEnterCritical
                0x080015dc       0x5c Third-Party/FreeRTOS/org/Source/portable/GCC/ARM_CM4F/port.o
                0x080015dc                vPortEnterCritical
 .text.vPortExitCritical
                0x08001638       0x50 Third-Party/FreeRTOS/org/Source/portable/GCC/ARM_CM4F/port.o
                0x08001638                vPortExitCritical
 *fill*         0x08001688        0x8 
 .text.PendSV_Handler
                0x08001690       0x68 Third-Party/FreeRTOS/org/Source/portable/GCC/ARM_CM4F/port.o
                0x08001690                PendSV_Handler
 .text.SysTick_Handler
                0x080016f8       0x40 Third-Party/FreeRTOS/org/Source/portable/GCC/ARM_CM4F/port.o
                0x080016f8                SysTick_Handler
 .text.vPortSetupTimerInterrupt
                0x08001738       0x48 Third-Party/FreeRTOS/org/Source/portable/GCC/ARM_CM4F/port.o
                0x08001738                vPortSetupTimerInterrupt
 .text.vPortEnableVFP
                0x08001780       0x14 Third-Party/FreeRTOS/org/Source/portable/GCC/ARM_CM4F/port.o
 .text.pvPortMalloc
                0x08001794      0x184 Third-Party/FreeRTOS/org/Source/portable/MemMang/heap_4.o
                0x08001794                pvPortMalloc
 .text.vPortFree
                0x08001918       0xb0 Third-Party/FreeRTOS/org/Source/portable/MemMang/heap_4.o
                0x08001918                vPortFree
 .text.prvHeapInit
                0x080019c8       0xc4 Third-Party/FreeRTOS/org/Source/portable/MemMang/heap_4.o
 .text.prvInsertBlockIntoFreeList
                0x08001a8c       0xb4 Third-Party/FreeRTOS/org/Source/portable/MemMang/heap_4.o
 .text.main     0x08001b40       0x84 src/main.o
                0x08001b40                main
 .text.vtask1_handler
                0x08001bc4       0x38 src/main.o
                0x08001bc4                vtask1_handler
 .text.vtask2_handler
                0x08001bfc       0x74 src/main.o
                0x08001bfc                vtask2_handler
 .text.rtos_delay
                0x08001c70       0x40 src/main.o
                0x08001c70                rtos_delay
 .text.prvSetupHardware
                0x08001cb0       0x10 src/main.o
 .text.prvSetupGPIO
                0x08001cc0       0x70 src/main.o
 .text.prvSetupUart
                0x08001d30       0x9c src/main.o
 .text.printmsg
                0x08001dcc       0x50 src/main.o
                0x08001dcc                printmsg
 .text.SystemInit
                0x08001e1c       0x6c src/system_stm32f4xx.o
                0x08001e1c                SystemInit
 .text.SystemCoreClockUpdate
                0x08001e88       0xdc src/system_stm32f4xx.o
                0x08001e88                SystemCoreClockUpdate
 .text.SetSysClock
                0x08001f64       0xa0 src/system_stm32f4xx.o
 .text.Reset_Handler
                0x08002004       0x50 startup/startup_stm32f411xe.o
                0x08002004                Reset_Handler
 .text.Default_Handler
                0x08002054        0x2 startup/startup_stm32f411xe.o
                0x08002054                RTC_Alarm_IRQHandler
                0x08002054                EXTI2_IRQHandler
                0x08002054                DebugMon_Handler
                0x08002054                SPI4_IRQHandler
                0x08002054                TIM1_CC_IRQHandler
                0x08002054                DMA2_Stream5_IRQHandler
                0x08002054                HardFault_Handler
                0x08002054                DMA1_Stream5_IRQHandler
                0x08002054                PVD_IRQHandler
                0x08002054                SDIO_IRQHandler
                0x08002054                TAMP_STAMP_IRQHandler
                0x08002054                NMI_Handler
                0x08002054                EXTI3_IRQHandler
                0x08002054                TIM1_UP_TIM10_IRQHandler
                0x08002054                I2C3_ER_IRQHandler
                0x08002054                EXTI0_IRQHandler
                0x08002054                I2C2_EV_IRQHandler
                0x08002054                DMA1_Stream2_IRQHandler
                0x08002054                FPU_IRQHandler
                0x08002054                UsageFault_Handler
                0x08002054                DMA2_Stream2_IRQHandler
                0x08002054                SPI1_IRQHandler
                0x08002054                TIM1_BRK_TIM9_IRQHandler
                0x08002054                DMA2_Stream3_IRQHandler
                0x08002054                USART6_IRQHandler
                0x08002054                DMA2_Stream0_IRQHandler
                0x08002054                TIM4_IRQHandler
                0x08002054                I2C1_EV_IRQHandler
                0x08002054                DMA1_Stream6_IRQHandler
                0x08002054                DMA1_Stream1_IRQHandler
                0x08002054                TIM3_IRQHandler
                0x08002054                RCC_IRQHandler
                0x08002054                Default_Handler
                0x08002054                EXTI15_10_IRQHandler
                0x08002054                ADC_IRQHandler
                0x08002054                DMA1_Stream7_IRQHandler
                0x08002054                SPI5_IRQHandler
                0x08002054                TIM5_IRQHandler
                0x08002054                DMA2_Stream7_IRQHandler
                0x08002054                I2C3_EV_IRQHandler
                0x08002054                EXTI9_5_IRQHandler
                0x08002054                RTC_WKUP_IRQHandler
                0x08002054                SPI2_IRQHandler
                0x08002054                MemManage_Handler
                0x08002054                DMA1_Stream0_IRQHandler
                0x08002054                EXTI4_IRQHandler
                0x08002054                WWDG_IRQHandler
                0x08002054                TIM2_IRQHandler
                0x08002054                OTG_FS_WKUP_IRQHandler
                0x08002054                TIM1_TRG_COM_TIM11_IRQHandler
                0x08002054                EXTI1_IRQHandler
                0x08002054                USART2_IRQHandler
                0x08002054                I2C2_ER_IRQHandler
                0x08002054                DMA2_Stream1_IRQHandler
                0x08002054                FLASH_IRQHandler
                0x08002054                DMA2_Stream4_IRQHandler
                0x08002054                BusFault_Handler
                0x08002054                USART1_IRQHandler
                0x08002054                OTG_FS_IRQHandler
                0x08002054                SPI3_IRQHandler
                0x08002054                DMA1_Stream4_IRQHandler
                0x08002054                I2C1_ER_IRQHandler
                0x08002054                DMA2_Stream6_IRQHandler
                0x08002054                DMA1_Stream3_IRQHandler
 *fill*         0x08002056        0x2 
 .text.__libc_init_array
                0x08002058       0x48 c:/ac6/systemworkbench/plugins/fr.ac6.mcu.externaltools.arm-none.win32_1.17.0.201812190825/tools/compiler/bin/../lib/gcc/arm-none-eabi/7.3.1/../../../../arm-none-eabi/lib/thumb/v7e-m/fpv4-sp/hard\libc.a(lib_a-init.o)
                0x08002058                __libc_init_array
 .text.memset   0x080020a0       0x94 c:/ac6/systemworkbench/plugins/fr.ac6.mcu.externaltools.arm-none.win32_1.17.0.201812190825/tools/compiler/bin/../lib/gcc/arm-none-eabi/7.3.1/../../../../arm-none-eabi/lib/thumb/v7e-m/fpv4-sp/hard\libc.a(lib_a-memset.o)
                0x080020a0                memset
 .text.startup.register_fini
                0x08002134       0x14 c:/ac6/systemworkbench/plugins/fr.ac6.mcu.externaltools.arm-none.win32_1.17.0.201812190825/tools/compiler/bin/../lib/gcc/arm-none-eabi/7.3.1/../../../../arm-none-eabi/lib/thumb/v7e-m/fpv4-sp/hard\libc.a(lib_a-__call_atexit.o)
 .text.atexit   0x08002148        0xc c:/ac6/systemworkbench/plugins/fr.ac6.mcu.externaltools.arm-none.win32_1.17.0.201812190825/tools/compiler/bin/../lib/gcc/arm-none-eabi/7.3.1/../../../../arm-none-eabi/lib/thumb/v7e-m/fpv4-sp/hard\libc.a(lib_a-atexit.o)
                0x08002148                atexit
 .text.__libc_fini_array
                0x08002154       0x34 c:/ac6/systemworkbench/plugins/fr.ac6.mcu.externaltools.arm-none.win32_1.17.0.201812190825/tools/compiler/bin/../lib/gcc/arm-none-eabi/7.3.1/../../../../arm-none-eabi/lib/thumb/v7e-m/fpv4-sp/hard\libc.a(lib_a-fini.o)
                0x08002154                __libc_fini_array
 .text.__retarget_lock_acquire_recursive
                0x08002188        0x4 c:/ac6/systemworkbench/plugins/fr.ac6.mcu.externaltools.arm-none.win32_1.17.0.201812190825/tools/compiler/bin/../lib/gcc/arm-none-eabi/7.3.1/../../../../arm-none-eabi/lib/thumb/v7e-m/fpv4-sp/hard\libc.a(lib_a-lock.o)
                0x08002188                __retarget_lock_acquire_recursive
 .text.__retarget_lock_release_recursive
                0x0800218c        0x4 c:/ac6/systemworkbench/plugins/fr.ac6.mcu.externaltools.arm-none.win32_1.17.0.201812190825/tools/compiler/bin/../lib/gcc/arm-none-eabi/7.3.1/../../../../arm-none-eabi/lib/thumb/v7e-m/fpv4-sp/hard\libc.a(lib_a-lock.o)
                0x0800218c                __retarget_lock_release_recursive
 .text.__register_exitproc
                0x08002190       0xc0 c:/ac6/systemworkbench/plugins/fr.ac6.mcu.externaltools.arm-none.win32_1.17.0.201812190825/tools/compiler/bin/../lib/gcc/arm-none-eabi/7.3.1/../../../../arm-none-eabi/lib/thumb/v7e-m/fpv4-sp/hard\libc.a(lib_a-__atexit.o)
                0x08002190                __register_exitproc
 *(.glue_7)
 .glue_7        0x08002250        0x0 linker stubs
 *(.glue_7t)
 .glue_7t       0x08002250        0x0 linker stubs
 *(.eh_frame)
 .eh_frame      0x08002250        0x0 c:/ac6/systemworkbench/plugins/fr.ac6.mcu.externaltools.arm-none.win32_1.17.0.201812190825/tools/compiler/bin/../lib/gcc/arm-none-eabi/7.3.1/thumb/v7e-m/fpv4-sp/hard/crtbegin.o
 *(.init)
 .init          0x08002250        0x4 c:/ac6/systemworkbench/plugins/fr.ac6.mcu.externaltools.arm-none.win32_1.17.0.201812190825/tools/compiler/bin/../lib/gcc/arm-none-eabi/7.3.1/thumb/v7e-m/fpv4-sp/hard/crti.o
                0x08002250                _init
 .init          0x08002254        0x8 c:/ac6/systemworkbench/plugins/fr.ac6.mcu.externaltools.arm-none.win32_1.17.0.201812190825/tools/compiler/bin/../lib/gcc/arm-none-eabi/7.3.1/thumb/v7e-m/fpv4-sp/hard/crtn.o
 *(.fini)
 .fini          0x0800225c        0x4 c:/ac6/systemworkbench/plugins/fr.ac6.mcu.externaltools.arm-none.win32_1.17.0.201812190825/tools/compiler/bin/../lib/gcc/arm-none-eabi/7.3.1/thumb/v7e-m/fpv4-sp/hard/crti.o
                0x0800225c                _fini
 .fini          0x08002260        0x8 c:/ac6/systemworkbench/plugins/fr.ac6.mcu.externaltools.arm-none.win32_1.17.0.201812190825/tools/compiler/bin/../lib/gcc/arm-none-eabi/7.3.1/thumb/v7e-m/fpv4-sp/hard/crtn.o
                0x08002268                . = ALIGN (0x4)
                0x08002268                _etext = .

.vfp11_veneer   0x08002268        0x0
 .vfp11_veneer  0x08002268        0x0 linker stubs

.v4_bx          0x08002268        0x0
 .v4_bx         0x08002268        0x0 linker stubs

.iplt           0x08002268        0x0
 .iplt          0x08002268        0x0 c:/ac6/systemworkbench/plugins/fr.ac6.mcu.externaltools.arm-none.win32_1.17.0.201812190825/tools/compiler/bin/../lib/gcc/arm-none-eabi/7.3.1/thumb/v7e-m/fpv4-sp/hard/crtbegin.o

.rodata         0x08002268       0x70
                0x08002268                . = ALIGN (0x4)
 *(.rodata)
 .rodata        0x08002268        0x5 Third-Party/FreeRTOS/org/Source/tasks.o
 *fill*         0x0800226d        0x3 
 .rodata        0x08002270       0x62 src/main.o
 *(.rodata*)
 *fill*         0x080022d2        0x2 
 .rodata._global_impure_ptr
                0x080022d4        0x4 c:/ac6/systemworkbench/plugins/fr.ac6.mcu.externaltools.arm-none.win32_1.17.0.201812190825/tools/compiler/bin/../lib/gcc/arm-none-eabi/7.3.1/../../../../arm-none-eabi/lib/thumb/v7e-m/fpv4-sp/hard\libc.a(lib_a-impure.o)
                0x080022d4                _global_impure_ptr
                0x080022d8                . = ALIGN (0x4)

.rel.dyn        0x080022d8        0x0
 .rel.iplt      0x080022d8        0x0 c:/ac6/systemworkbench/plugins/fr.ac6.mcu.externaltools.arm-none.win32_1.17.0.201812190825/tools/compiler/bin/../lib/gcc/arm-none-eabi/7.3.1/thumb/v7e-m/fpv4-sp/hard/crtbegin.o

.ARM.extab
 *(.ARM.extab* .gnu.linkonce.armextab.*)

.ARM            0x080022d8        0x0
                0x080022d8                __exidx_start = .
 *(.ARM.exidx*)
                0x080022d8                __exidx_end = .

.preinit_array  0x080022d8        0x0
                0x080022d8                PROVIDE (__preinit_array_start = .)
 *(.preinit_array*)
                0x080022d8                PROVIDE (__preinit_array_end = .)

.init_array     0x080022d8        0x8
                0x080022d8                PROVIDE (__init_array_start = .)
 *(SORT_BY_NAME(.init_array.*))
 .init_array.00000
                0x080022d8        0x4 c:/ac6/systemworkbench/plugins/fr.ac6.mcu.externaltools.arm-none.win32_1.17.0.201812190825/tools/compiler/bin/../lib/gcc/arm-none-eabi/7.3.1/../../../../arm-none-eabi/lib/thumb/v7e-m/fpv4-sp/hard\libc.a(lib_a-__call_atexit.o)
 *(.init_array*)
 .init_array    0x080022dc        0x4 c:/ac6/systemworkbench/plugins/fr.ac6.mcu.externaltools.arm-none.win32_1.17.0.201812190825/tools/compiler/bin/../lib/gcc/arm-none-eabi/7.3.1/thumb/v7e-m/fpv4-sp/hard/crtbegin.o
                0x080022e0                PROVIDE (__init_array_end = .)

.fini_array     0x080022e0        0x4
                0x080022e0                PROVIDE (__fini_array_start = .)
 *(SORT_BY_NAME(.fini_array.*))
 *(.fini_array*)
 .fini_array    0x080022e0        0x4 c:/ac6/systemworkbench/plugins/fr.ac6.mcu.externaltools.arm-none.win32_1.17.0.201812190825/tools/compiler/bin/../lib/gcc/arm-none-eabi/7.3.1/thumb/v7e-m/fpv4-sp/hard/crtbegin.o
                0x080022e4                PROVIDE (__fini_array_end = .)
                0x080022e4                _sidata = LOADADDR (.data)

.data           0x20000000      0x454 load address 0x080022e4
                0x20000000                . = ALIGN (0x4)
                0x20000000                _sdata = .
 *(.data)
 .data          0x20000000       0x10 StdPeriph_Driver/src/stm32f4xx_rcc.o
 .data          0x20000010        0x4 Third-Party/FreeRTOS/org/Source/portable/GCC/ARM_CM4F/port.o
 .data          0x20000014       0x14 src/system_stm32f4xx.o
                0x20000014                SystemCoreClock
                0x20000018                AHBPrescTable
 *(.data*)
 .data.impure_data
                0x20000028      0x428 c:/ac6/systemworkbench/plugins/fr.ac6.mcu.externaltools.arm-none.win32_1.17.0.201812190825/tools/compiler/bin/../lib/gcc/arm-none-eabi/7.3.1/../../../../arm-none-eabi/lib/thumb/v7e-m/fpv4-sp/hard\libc.a(lib_a-impure.o)
 .data.__atexit_recursive_mutex
                0x20000450        0x4 c:/ac6/systemworkbench/plugins/fr.ac6.mcu.externaltools.arm-none.win32_1.17.0.201812190825/tools/compiler/bin/../lib/gcc/arm-none-eabi/7.3.1/../../../../arm-none-eabi/lib/thumb/v7e-m/fpv4-sp/hard\libc.a(lib_a-__call_atexit.o)
                0x20000450                __atexit_recursive_mutex
                0x20000454                . = ALIGN (0x4)
                0x20000454                _edata = .

.igot.plt       0x20000454        0x0 load address 0x08002738
 .igot.plt      0x20000454        0x0 c:/ac6/systemworkbench/plugins/fr.ac6.mcu.externaltools.arm-none.win32_1.17.0.201812190825/tools/compiler/bin/../lib/gcc/arm-none-eabi/7.3.1/thumb/v7e-m/fpv4-sp/hard/crtbegin.o
                0x20000454                . = ALIGN (0x4)

.bss            0x20000454    0x12e68 load address 0x08002738
                0x20000454                _sbss = .
                0x20000454                __bss_start__ = _sbss
 *(.bss)
 .bss           0x20000454       0x1c c:/ac6/systemworkbench/plugins/fr.ac6.mcu.externaltools.arm-none.win32_1.17.0.201812190825/tools/compiler/bin/../lib/gcc/arm-none-eabi/7.3.1/thumb/v7e-m/fpv4-sp/hard/crtbegin.o
 .bss           0x20000470      0x104 Third-Party/FreeRTOS/org/Source/tasks.o
                0x20000470                pxCurrentTCB
 .bss           0x20000574        0x8 Third-Party/FreeRTOS/org/Source/portable/GCC/ARM_CM4F/port.o
 .bss           0x2000057c    0x12c18 Third-Party/FreeRTOS/org/Source/portable/MemMang/heap_4.o
 .bss           0x20013194      0x104 src/main.o
                0x20013194                usr_msg
                0x2001328e                button_status_flag
                0x20013290                xTaskHandle1
                0x20013294                xTaskHandle2
 *(.bss*)
 *(COMMON)
 COMMON         0x20013298       0x21 c:/ac6/systemworkbench/plugins/fr.ac6.mcu.externaltools.arm-none.win32_1.17.0.201812190825/tools/compiler/bin/../lib/gcc/arm-none-eabi/7.3.1/../../../../arm-none-eabi/lib/thumb/v7e-m/fpv4-sp/hard\libc.a(lib_a-lock.o)
                0x20013298                __lock___atexit_recursive_mutex
                0x2001329c                __lock___arc4random_mutex
                0x200132a0                __lock___env_recursive_mutex
                0x200132a4                __lock___sinit_recursive_mutex
                0x200132a8                __lock___malloc_recursive_mutex
                0x200132ac                __lock___at_quick_exit_mutex
                0x200132b0                __lock___dd_hash_mutex
                0x200132b4                __lock___tz_mutex
                0x200132b8                __lock___sfp_recursive_mutex
                0x200132bc                . = ALIGN (0x4)
 *fill*         0x200132b9        0x3 
                0x200132bc                _ebss = .
                0x200132bc                __bss_end__ = _ebss

._user_heap_stack
                0x200132bc      0x604 load address 0x08002738
                0x200132c0                . = ALIGN (0x8)
 *fill*         0x200132bc        0x4 
                0x200132c0                PROVIDE (end = .)
                [!provide]                PROVIDE (_end = .)
                0x200134c0                . = (. + _Min_Heap_Size)
 *fill*         0x200132c0      0x200 
                0x200138c0                . = (. + _Min_Stack_Size)
 *fill*         0x200134c0      0x400 
                0x200138c0                . = ALIGN (0x8)

/DISCARD/
 libc.a(*)
 libm.a(*)
 libgcc.a(*)

.ARM.attributes
                0x00000000       0x30
 *(.ARM.attributes)
 .ARM.attributes
                0x00000000       0x22 c:/ac6/systemworkbench/plugins/fr.ac6.mcu.externaltools.arm-none.win32_1.17.0.201812190825/tools/compiler/bin/../lib/gcc/arm-none-eabi/7.3.1/thumb/v7e-m/fpv4-sp/hard/crti.o
 .ARM.attributes
                0x00000022       0x34 c:/ac6/systemworkbench/plugins/fr.ac6.mcu.externaltools.arm-none.win32_1.17.0.201812190825/tools/compiler/bin/../lib/gcc/arm-none-eabi/7.3.1/thumb/v7e-m/fpv4-sp/hard/crtbegin.o
 .ARM.attributes
                0x00000056       0x39 StdPeriph_Driver/src/stm32f4xx_gpio.o
 .ARM.attributes
                0x0000008f       0x39 StdPeriph_Driver/src/stm32f4xx_rcc.o
 .ARM.attributes
                0x000000c8       0x39 StdPeriph_Driver/src/stm32f4xx_usart.o
 .ARM.attributes
                0x00000101       0x39 Third-Party/FreeRTOS/org/Source/list.o
 .ARM.attributes
                0x0000013a       0x39 Third-Party/FreeRTOS/org/Source/tasks.o
 .ARM.attributes
                0x00000173       0x39 Third-Party/FreeRTOS/org/Source/portable/GCC/ARM_CM4F/port.o
 .ARM.attributes
                0x000001ac       0x39 Third-Party/FreeRTOS/org/Source/portable/MemMang/heap_4.o
 .ARM.attributes
                0x000001e5       0x39 src/main.o
 .ARM.attributes
                0x0000021e       0x39 src/system_stm32f4xx.o
 .ARM.attributes
                0x00000257       0x21 startup/startup_stm32f411xe.o
 .ARM.attributes
                0x00000278       0x34 c:/ac6/systemworkbench/plugins/fr.ac6.mcu.externaltools.arm-none.win32_1.17.0.201812190825/tools/compiler/bin/../lib/gcc/arm-none-eabi/7.3.1/../../../../arm-none-eabi/lib/thumb/v7e-m/fpv4-sp/hard\libc.a(lib_a-impure.o)
 .ARM.attributes
                0x000002ac       0x34 c:/ac6/systemworkbench/plugins/fr.ac6.mcu.externaltools.arm-none.win32_1.17.0.201812190825/tools/compiler/bin/../lib/gcc/arm-none-eabi/7.3.1/../../../../arm-none-eabi/lib/thumb/v7e-m/fpv4-sp/hard\libc.a(lib_a-init.o)
 .ARM.attributes
                0x000002e0       0x34 c:/ac6/systemworkbench/plugins/fr.ac6.mcu.externaltools.arm-none.win32_1.17.0.201812190825/tools/compiler/bin/../lib/gcc/arm-none-eabi/7.3.1/../../../../arm-none-eabi/lib/thumb/v7e-m/fpv4-sp/hard\libc.a(lib_a-memset.o)
 .ARM.attributes
                0x00000314       0x20 c:/ac6/systemworkbench/plugins/fr.ac6.mcu.externaltools.arm-none.win32_1.17.0.201812190825/tools/compiler/bin/../lib/gcc/arm-none-eabi/7.3.1/../../../../arm-none-eabi/lib/thumb/v7e-m/fpv4-sp/hard\libc.a(lib_a-strlen.o)
 .ARM.attributes
                0x00000334       0x34 c:/ac6/systemworkbench/plugins/fr.ac6.mcu.externaltools.arm-none.win32_1.17.0.201812190825/tools/compiler/bin/../lib/gcc/arm-none-eabi/7.3.1/../../../../arm-none-eabi/lib/thumb/v7e-m/fpv4-sp/hard\libc.a(lib_a-__call_atexit.o)
 .ARM.attributes
                0x00000368       0x34 c:/ac6/systemworkbench/plugins/fr.ac6.mcu.externaltools.arm-none.win32_1.17.0.201812190825/tools/compiler/bin/../lib/gcc/arm-none-eabi/7.3.1/../../../../arm-none-eabi/lib/thumb/v7e-m/fpv4-sp/hard\libc.a(lib_a-atexit.o)
 .ARM.attributes
                0x0000039c       0x34 c:/ac6/systemworkbench/plugins/fr.ac6.mcu.externaltools.arm-none.win32_1.17.0.201812190825/tools/compiler/bin/../lib/gcc/arm-none-eabi/7.3.1/../../../../arm-none-eabi/lib/thumb/v7e-m/fpv4-sp/hard\libc.a(lib_a-fini.o)
 .ARM.attributes
                0x000003d0       0x34 c:/ac6/systemworkbench/plugins/fr.ac6.mcu.externaltools.arm-none.win32_1.17.0.201812190825/tools/compiler/bin/../lib/gcc/arm-none-eabi/7.3.1/../../../../arm-none-eabi/lib/thumb/v7e-m/fpv4-sp/hard\libc.a(lib_a-lock.o)
 .ARM.attributes
                0x00000404       0x34 c:/ac6/systemworkbench/plugins/fr.ac6.mcu.externaltools.arm-none.win32_1.17.0.201812190825/tools/compiler/bin/../lib/gcc/arm-none-eabi/7.3.1/../../../../arm-none-eabi/lib/thumb/v7e-m/fpv4-sp/hard\libc.a(lib_a-__atexit.o)
 .ARM.attributes
                0x00000438       0x22 c:/ac6/systemworkbench/plugins/fr.ac6.mcu.externaltools.arm-none.win32_1.17.0.201812190825/tools/compiler/bin/../lib/gcc/arm-none-eabi/7.3.1/thumb/v7e-m/fpv4-sp/hard/crtn.o
OUTPUT(FreeRTOS-TaskDelete.elf elf32-littlearm)

.debug_info     0x00000000     0x7488
 .debug_info    0x00000000      0x62b StdPeriph_Driver/src/stm32f4xx_gpio.o
 .debug_info    0x0000062b      0xd6d StdPeriph_Driver/src/stm32f4xx_rcc.o
 .debug_info    0x00001398      0x9d4 StdPeriph_Driver/src/stm32f4xx_usart.o
 .debug_info    0x00001d6c      0xadb Third-Party/FreeRTOS/org/Source/list.o
 .debug_info    0x00002847     0x2733 Third-Party/FreeRTOS/org/Source/tasks.o
 .debug_info    0x00004f7a      0x533 Third-Party/FreeRTOS/org/Source/portable/GCC/ARM_CM4F/port.o
 .debug_info    0x000054ad      0xbfc Third-Party/FreeRTOS/org/Source/portable/MemMang/heap_4.o
 .debug_info    0x000060a9      0xdff src/main.o
 .debug_info    0x00006ea8      0x5be src/system_stm32f4xx.o
 .debug_info    0x00007466       0x22 startup/startup_stm32f411xe.o

.debug_abbrev   0x00000000     0x1376
 .debug_abbrev  0x00000000      0x1bf StdPeriph_Driver/src/stm32f4xx_gpio.o
 .debug_abbrev  0x000001bf      0x1d4 StdPeriph_Driver/src/stm32f4xx_rcc.o
 .debug_abbrev  0x00000393      0x187 StdPeriph_Driver/src/stm32f4xx_usart.o
 .debug_abbrev  0x0000051a      0x205 Third-Party/FreeRTOS/org/Source/list.o
 .debug_abbrev  0x0000071f      0x395 Third-Party/FreeRTOS/org/Source/tasks.o
 .debug_abbrev  0x00000ab4      0x210 Third-Party/FreeRTOS/org/Source/portable/GCC/ARM_CM4F/port.o
 .debug_abbrev  0x00000cc4      0x2d4 Third-Party/FreeRTOS/org/Source/portable/MemMang/heap_4.o
 .debug_abbrev  0x00000f98      0x294 src/main.o
 .debug_abbrev  0x0000122c      0x138 src/system_stm32f4xx.o
 .debug_abbrev  0x00001364       0x12 startup/startup_stm32f411xe.o

.debug_aranges  0x00000000      0x6c8
 .debug_aranges
                0x00000000       0x88 StdPeriph_Driver/src/stm32f4xx_gpio.o
 .debug_aranges
                0x00000088      0x198 StdPeriph_Driver/src/stm32f4xx_rcc.o
 .debug_aranges
                0x00000220      0x100 StdPeriph_Driver/src/stm32f4xx_usart.o
 .debug_aranges
                0x00000320       0x40 Third-Party/FreeRTOS/org/Source/list.o
 .debug_aranges
                0x00000360      0x1e8 Third-Party/FreeRTOS/org/Source/tasks.o
 .debug_aranges
                0x00000548       0x80 Third-Party/FreeRTOS/org/Source/portable/GCC/ARM_CM4F/port.o
 .debug_aranges
                0x000005c8       0x50 Third-Party/FreeRTOS/org/Source/portable/MemMang/heap_4.o
 .debug_aranges
                0x00000618       0x58 src/main.o
 .debug_aranges
                0x00000670       0x30 src/system_stm32f4xx.o
 .debug_aranges
                0x000006a0       0x28 startup/startup_stm32f411xe.o

.debug_ranges   0x00000000      0x630
 .debug_ranges  0x00000000       0x78 StdPeriph_Driver/src/stm32f4xx_gpio.o
 .debug_ranges  0x00000078      0x188 StdPeriph_Driver/src/stm32f4xx_rcc.o
 .debug_ranges  0x00000200       0xf0 StdPeriph_Driver/src/stm32f4xx_usart.o
 .debug_ranges  0x000002f0       0x30 Third-Party/FreeRTOS/org/Source/list.o
 .debug_ranges  0x00000320      0x1d8 Third-Party/FreeRTOS/org/Source/tasks.o
 .debug_ranges  0x000004f8       0x70 Third-Party/FreeRTOS/org/Source/portable/GCC/ARM_CM4F/port.o
 .debug_ranges  0x00000568       0x40 Third-Party/FreeRTOS/org/Source/portable/MemMang/heap_4.o
 .debug_ranges  0x000005a8       0x48 src/main.o
 .debug_ranges  0x000005f0       0x20 src/system_stm32f4xx.o
 .debug_ranges  0x00000610       0x20 startup/startup_stm32f411xe.o

.debug_macro    0x00000000     0x1d89
 .debug_macro   0x00000000      0x18f StdPeriph_Driver/src/stm32f4xx_gpio.o
 .debug_macro   0x0000018f      0x2ee StdPeriph_Driver/src/stm32f4xx_gpio.o
 .debug_macro   0x0000047d      0x25e StdPeriph_Driver/src/stm32f4xx_rcc.o
 .debug_macro   0x000006db      0x1a7 StdPeriph_Driver/src/stm32f4xx_usart.o
 .debug_macro   0x00000882      0x21d StdPeriph_Driver/src/stm32f4xx_usart.o
 .debug_macro   0x00000a9f      0x17a Third-Party/FreeRTOS/org/Source/list.o
 .debug_macro   0x00000c19      0x275 Third-Party/FreeRTOS/org/Source/tasks.o
 .debug_macro   0x00000e8e       0x10 Third-Party/FreeRTOS/org/Source/tasks.o
 .debug_macro   0x00000e9e      0x196 Third-Party/FreeRTOS/org/Source/portable/GCC/ARM_CM4F/port.o
 .debug_macro   0x00001034      0x1a1 Third-Party/FreeRTOS/org/Source/portable/MemMang/heap_4.o
 .debug_macro   0x000011d5      0x380 src/main.o
 .debug_macro   0x00001555       0x16 src/main.o
 .debug_macro   0x0000156b       0x97 src/main.o
 .debug_macro   0x00001602       0xfd src/main.o
 .debug_macro   0x000016ff       0x10 src/main.o
 .debug_macro   0x0000170f       0x10 src/main.o
 .debug_macro   0x0000171f       0x1c src/main.o
 .debug_macro   0x0000173b       0x52 src/main.o
 .debug_macro   0x0000178d       0x40 src/main.o
 .debug_macro   0x000017cd       0x10 src/main.o
 .debug_macro   0x000017dd       0x40 src/main.o
 .debug_macro   0x0000181d       0xd7 src/main.o
 .debug_macro   0x000018f4       0x1c src/main.o
 .debug_macro   0x00001910       0x3d src/main.o
 .debug_macro   0x0000194d       0x16 src/main.o
 .debug_macro   0x00001963      0x16f src/main.o
 .debug_macro   0x00001ad2      0x112 src/main.o
 .debug_macro   0x00001be4      0x1a5 src/system_stm32f4xx.o

.debug_line     0x00000000     0x4d1a
 .debug_line    0x00000000      0x725 StdPeriph_Driver/src/stm32f4xx_gpio.o
 .debug_line    0x00000725      0x9af StdPeriph_Driver/src/stm32f4xx_rcc.o
 .debug_line    0x000010d4      0x86b StdPeriph_Driver/src/stm32f4xx_usart.o
 .debug_line    0x0000193f      0x568 Third-Party/FreeRTOS/org/Source/list.o
 .debug_line    0x00001ea7     0x11c3 Third-Party/FreeRTOS/org/Source/tasks.o
 .debug_line    0x0000306a      0x69b Third-Party/FreeRTOS/org/Source/portable/GCC/ARM_CM4F/port.o
 .debug_line    0x00003705      0x64e Third-Party/FreeRTOS/org/Source/portable/MemMang/heap_4.o
 .debug_line    0x00003d53      0x952 src/main.o
 .debug_line    0x000046a5      0x5f6 src/system_stm32f4xx.o
 .debug_line    0x00004c9b       0x7f startup/startup_stm32f411xe.o

.debug_str      0x00000000    0x5ec66
 .debug_str     0x00000000    0x530a2 StdPeriph_Driver/src/stm32f4xx_gpio.o
                              0x532a1 (size before relaxing)
 .debug_str     0x000530a2      0xd09 StdPeriph_Driver/src/stm32f4xx_rcc.o
                              0x53d00 (size before relaxing)
 .debug_str     0x00053dab      0x53a StdPeriph_Driver/src/stm32f4xx_usart.o
                              0x535b4 (size before relaxing)
 .debug_str     0x000542e5     0x667f Third-Party/FreeRTOS/org/Source/list.o
                               0xa38f (size before relaxing)
 .debug_str     0x0005a964     0x23b6 Third-Party/FreeRTOS/org/Source/tasks.o
                               0xc780 (size before relaxing)
 .debug_str     0x0005cd1a      0x7fb Third-Party/FreeRTOS/org/Source/portable/GCC/ARM_CM4F/port.o
                               0x8459 (size before relaxing)
 .debug_str     0x0005d515      0x252 Third-Party/FreeRTOS/org/Source/portable/MemMang/heap_4.o
                               0xaab2 (size before relaxing)
 .debug_str     0x0005d767     0x13ce src/main.o
                              0x5b0bc (size before relaxing)
 .debug_str     0x0005eb35      0x102 src/system_stm32f4xx.o
                              0x531c1 (size before relaxing)
 .debug_str     0x0005ec37       0x2f startup/startup_stm32f411xe.o
                                 0x67 (size before relaxing)

.comment        0x00000000       0x7f
 .comment       0x00000000       0x7f StdPeriph_Driver/src/stm32f4xx_gpio.o
                                 0x80 (size before relaxing)
 .comment       0x0000007f       0x80 StdPeriph_Driver/src/stm32f4xx_rcc.o
 .comment       0x0000007f       0x80 StdPeriph_Driver/src/stm32f4xx_usart.o
 .comment       0x0000007f       0x80 Third-Party/FreeRTOS/org/Source/list.o
 .comment       0x0000007f       0x80 Third-Party/FreeRTOS/org/Source/tasks.o
 .comment       0x0000007f       0x80 Third-Party/FreeRTOS/org/Source/portable/GCC/ARM_CM4F/port.o
 .comment       0x0000007f       0x80 Third-Party/FreeRTOS/org/Source/portable/MemMang/heap_4.o
 .comment       0x0000007f       0x80 src/main.o
 .comment       0x0000007f       0x80 src/system_stm32f4xx.o

.debug_frame    0x00000000     0x1db0
 .debug_frame   0x00000000      0x23c StdPeriph_Driver/src/stm32f4xx_gpio.o
 .debug_frame   0x0000023c      0x774 StdPeriph_Driver/src/stm32f4xx_rcc.o
 .debug_frame   0x000009b0      0x490 StdPeriph_Driver/src/stm32f4xx_usart.o
 .debug_frame   0x00000e40       0xd8 Third-Party/FreeRTOS/org/Source/list.o
 .debug_frame   0x00000f18      0x858 Third-Party/FreeRTOS/org/Source/tasks.o
 .debug_frame   0x00001770      0x1a8 Third-Party/FreeRTOS/org/Source/portable/GCC/ARM_CM4F/port.o
 .debug_frame   0x00001918      0x108 Third-Party/FreeRTOS/org/Source/portable/MemMang/heap_4.o
 .debug_frame   0x00001a20      0x124 src/main.o
 .debug_frame   0x00001b44       0x74 src/system_stm32f4xx.o
 .debug_frame   0x00001bb8       0x2c c:/ac6/systemworkbench/plugins/fr.ac6.mcu.externaltools.arm-none.win32_1.17.0.201812190825/tools/compiler/bin/../lib/gcc/arm-none-eabi/7.3.1/../../../../arm-none-eabi/lib/thumb/v7e-m/fpv4-sp/hard\libc.a(lib_a-init.o)
 .debug_frame   0x00001be4       0x38 c:/ac6/systemworkbench/plugins/fr.ac6.mcu.externaltools.arm-none.win32_1.17.0.201812190825/tools/compiler/bin/../lib/gcc/arm-none-eabi/7.3.1/../../../../arm-none-eabi/lib/thumb/v7e-m/fpv4-sp/hard\libc.a(lib_a-memset.o)
 .debug_frame   0x00001c1c       0x5c c:/ac6/systemworkbench/plugins/fr.ac6.mcu.externaltools.arm-none.win32_1.17.0.201812190825/tools/compiler/bin/../lib/gcc/arm-none-eabi/7.3.1/../../../../arm-none-eabi/lib/thumb/v7e-m/fpv4-sp/hard\libc.a(lib_a-__call_atexit.o)
 .debug_frame   0x00001c78       0x20 c:/ac6/systemworkbench/plugins/fr.ac6.mcu.externaltools.arm-none.win32_1.17.0.201812190825/tools/compiler/bin/../lib/gcc/arm-none-eabi/7.3.1/../../../../arm-none-eabi/lib/thumb/v7e-m/fpv4-sp/hard\libc.a(lib_a-atexit.o)
 .debug_frame   0x00001c98       0x34 c:/ac6/systemworkbench/plugins/fr.ac6.mcu.externaltools.arm-none.win32_1.17.0.201812190825/tools/compiler/bin/../lib/gcc/arm-none-eabi/7.3.1/../../../../arm-none-eabi/lib/thumb/v7e-m/fpv4-sp/hard\libc.a(lib_a-fini.o)
 .debug_frame   0x00001ccc       0xb0 c:/ac6/systemworkbench/plugins/fr.ac6.mcu.externaltools.arm-none.win32_1.17.0.201812190825/tools/compiler/bin/../lib/gcc/arm-none-eabi/7.3.1/../../../../arm-none-eabi/lib/thumb/v7e-m/fpv4-sp/hard\libc.a(lib_a-lock.o)
 .debug_frame   0x00001d7c       0x34 c:/ac6/systemworkbench/plugins/fr.ac6.mcu.externaltools.arm-none.win32_1.17.0.201812190825/tools/compiler/bin/../lib/gcc/arm-none-eabi/7.3.1/../../../../arm-none-eabi/lib/thumb/v7e-m/fpv4-sp/hard\libc.a(lib_a-__atexit.o)
